// Jest Snapshot v1, https://goo.gl/fbAQLP

exports[`icon组件 render successfully 1`] = `
<svg
  className="freact-icon"
>
  <use
    xlinkHref="#bytedance"
  />
</svg>
`;
